// Jest Snapshot v1, https://goo.gl/fbAQLP

exports[`Btn.vue Should mount he component 1`] = `
"<button class=\\"btn\\"><svg xmlns=\\"http://www.w3.org/2000/svg\\" viewBox=\\"0 0 24 24\\" role=\\"img\\" aria-hidden=\\"true\\">
    <path d=\\"M15.41,16.58L10.83,12L15.41,7.41L14,6L8,12L14,18L15.41,16.58Z\\"></path>
  </svg></button>"
`;
