// Jest Snapshot v1, https://goo.gl/fbAQLP

exports[`TabNav.vue Should mount the component 1`] = `
VueWrapper {
  "_emitted": Object {},
  "_emittedByOrder": Array [],
  "isFunctionalComponent": undefined,
}
`;
